Real Date,Bank Date,Payee,Bank Message,Amount,Balance,Original data,Raw Real Date,Raw Bank Date,Raw Payee,Raw Bank Message,Raw Amount,Raw Balance
2019-10-25,2019-10-28,IZ *RIITAN HERKKU,MUSTASAARI ,-3.08,,"{'Bokningsdag': '28.10.2019', 'Valutadag': '28.10.2019', 'Betalningsdag': '28.10.2019', 'Belopp': '-3,08', 'Mottagare/Betalare': 'IZ *RIITAN HERKKU', 'Kontonummer': nan, 'BIC': nan, 'Kontotransaktion': 'Visa Electron-köp', 'Referens': '191025035608', 'Betalarens referens': nan, 'Meddelande': 'MUSTASAARI ', 'Kortets nummer': '4920109027999687', 'Kvitto': nan}",191025035608,28.10.2019,IZ *RIITAN HERKKU,MUSTASAARI ,"-3,08",
,2019-10-28,KESKO OYJ,,175.90,,"{'Bokningsdag': '28.10.2019', 'Valutadag': '28.10.2019', 'Betalningsdag': '28.10.2019', 'Belopp': '175,90', 'Mottagare/Betalare': 'KESKO OYJ', 'Kontonummer': nan, 'BIC': nan, 'Kontotransaktion': 'e-återbetalning', 'Referens': '152800021220564', 'Betalarens referens': nan, 'Meddelande': nan, 'Kortets nummer': nan, 'Kvitto': nan}",152800021220564,28.10.2019,KESKO OYJ,,"175,90",
2019-10-29,2019-10-30,PRISMA JUMBO,VANTAA ,-8.76,,"{'Bokningsdag': '30.10.2019', 'Valutadag': '30.10.2019', 'Betalningsdag': '30.10.2019', 'Belopp': '-8,76', 'Mottagare/Betalare': 'PRISMA JUMBO', 'Kontonummer': nan, 'BIC': nan, 'Kontotransaktion': 'Visa Electron-köp', 'Referens': '191029830310', 'Betalarens referens': nan, 'Meddelande': 'VANTAA ', 'Kortets nummer': '4920109027881992', 'Kvitto': nan}",191029830310,30.10.2019,PRISMA JUMBO,VANTAA ,"-8,76",
