Real Date,Bank Date,Payee,Bank Message,Amount,Currency,Balance,Foreign Currency,Foreign Currency Amount,Foreign Currency Rate,Original data,Raw Real Date,Raw Bank Date,Raw Payee,Raw Bank Message,Raw Amount,Raw Currency,Raw Balance,Raw Foreign Currency,Raw Foreign Currency Amount,Raw Foreign Currency Rate
,2019-01-01,Jan Nordmann,Netflix,-3.00,EUR,,,,,"{'Date': '2019-01-01', 'Payee': 'Jan Nordmann', 'Account number': nan, 'Transaction type': 'Outgoing Transfer', 'Payment reference': 'Netflix', 'Category': 'Subscriptions & Donations', 'Amount (EUR)': -3.0, 'Amount (Foreign Currency)': nan, 'Type Foreign Currency': nan, 'Exchange Rate': nan}",,2019-01-01,Jan Nordmann,Netflix,-3.0,,,,,
,2019-01-02,ITUNES.COM/BILL,,-1.00,EUR,,EUR,-1.00,1.00000000000000,"{'Date': '2019-01-02', 'Payee': 'ITUNES.COM/BILL', 'Account number': nan, 'Transaction type': 'MasterCard Payment', 'Payment reference': nan, 'Category': 'Media & Electronics', 'Amount (EUR)': -1.0, 'Amount (Foreign Currency)': -1.0, 'Type Foreign Currency': 'EUR', 'Exchange Rate': 1.0}",,2019-01-02,ITUNES.COM/BILL,,-1.0,,,EUR,-1.0,1.0
,2019-01-02,ITUNES.COM/BILL,,1.00,EUR,,EUR,1.00,1.00000000000000,"{'Date': '2019-01-02', 'Payee': 'ITUNES.COM/BILL', 'Account number': nan, 'Transaction type': 'MasterCard Payment', 'Payment reference': nan, 'Category': 'Media & Electronics', 'Amount (EUR)': 1.0, 'Amount (Foreign Currency)': 1.0, 'Type Foreign Currency': 'EUR', 'Exchange Rate': 1.0}",,2019-01-02,ITUNES.COM/BILL,,1.0,,,EUR,1.0,1.0
,2019-01-02,Leo Bernard,Lastschrift Test,-180.00,EUR,,,,,"{'Date': '2019-01-02', 'Payee': 'Leo Bernard', 'Account number': nan, 'Transaction type': 'Direct Debit', 'Payment reference': 'Lastschrift Test', 'Category': 'Miscellaneous', 'Amount (EUR)': -180.0, 'Amount (Foreign Currency)': nan, 'Type Foreign Currency': nan, 'Exchange Rate': nan}",,2019-01-02,Leo Bernard,Lastschrift Test,-180.0,,,,,
