Real Date,Bank Date,Payee,Bank Message,Amount,Balance,Original data,Raw Real Date,Raw Bank Date,Raw Payee,Raw Bank Message,Raw Amount,Raw Balance
2019-04-06 19:15:00,2019-04-08 00:00:00,ALEPA LENTOASEMA,(..1234) 2019-04-06 19:15 ALEPA LENTOASEMA \LENTOASEMA T2 2B SAAP \VANTAA \01530 FINFIN,-23.06,,"{'Customer account no': 'EE123456789012345678', 'Document no': nan, 'Date': '2019-04-08', 'Sender/receiver account': nan, 'Sender/receiver name': 'ALEPA LENTOASEMA', 'Sender bank code': nan, 'Empty': nan, 'Debit/Credit (D/C)': 'D', 'Amount': -23.06, 'Reference number': nan, 'Archiving code': nan, 'Description': '(..1234) 2019-04-06 19:15 ALEPA LENTOASEMA \\LENTOASEMA T2 2B SAAP \\VANTAA \\01530 FINFIN', 'Fee': 0.0, 'Currency': 'EUR', 'Personal code or register code': nan, 'Sender/receiver bank BIC': nan, 'Ultimate debtor name': nan, 'Transaction reference': 158622994, 'Account servicer reference': '201904081158622994-130884851'}",(..1234) 2019-04-06 19:15 ALEPA LENTOASEMA \LENTOASEMA T2 2B SAAP \VANTAA \01530 FINFIN,2019-04-08,ALEPA LENTOASEMA,(..1234) 2019-04-06 19:15 ALEPA LENTOASEMA \LENTOASEMA T2 2B SAAP \VANTAA \01530 FINFIN,-23.06,
2019-04-06 16:17:00,2019-04-08 00:00:00,HSL Mobiili,(..1234) 2019-04-06 16:17 HSL Mobiili\PL 100\00077 HSL\00077 FINFIN,-4.20,,"{'Customer account no': 'EE123456789012345678', 'Document no': nan, 'Date': '2019-04-08', 'Sender/receiver account': nan, 'Sender/receiver name': 'HSL Mobiili', 'Sender bank code': nan, 'Empty': nan, 'Debit/Credit (D/C)': 'D', 'Amount': -4.2, 'Reference number': nan, 'Archiving code': nan, 'Description': '(..1234) 2019-04-06 16:17 HSL Mobiili\\PL 100\\00077 HSL\\00077 FINFIN', 'Fee': 0.0, 'Currency': 'EUR', 'Personal code or register code': nan, 'Sender/receiver bank BIC': nan, 'Ultimate debtor name': nan, 'Transaction reference': 158653143, 'Account servicer reference': '201904081158653143-130912876'}",(..1234) 2019-04-06 16:17 HSL Mobiili\PL 100\00077 HSL\00077 FINFIN,2019-04-08,HSL Mobiili,(..1234) 2019-04-06 16:17 HSL Mobiili\PL 100\00077 HSL\00077 FINFIN,-4.2,
2019-04-06 10:42:00,2019-04-08 00:00:00,Easypark,"(..1234) 2019-04-06 10:42 Easypark\Hangovagen 25\0770870000\11541 SWESWE (16.28 SEK + 1.0%, 0.09582309)",-1.58,,"{'Customer account no': 'EE123456789012345678', 'Document no': nan, 'Date': '2019-04-08', 'Sender/receiver account': nan, 'Sender/receiver name': 'Easypark', 'Sender bank code': nan, 'Empty': nan, 'Debit/Credit (D/C)': 'D', 'Amount': -1.58, 'Reference number': nan, 'Archiving code': nan, 'Description': '(..1234) 2019-04-06 10:42 Easypark\\Hangovagen 25\\0770870000\\11541 SWESWE (16.28 SEK + 1.0%, 0.09582309)', 'Fee': 0.0, 'Currency': 'EUR', 'Personal code or register code': nan, 'Sender/receiver bank BIC': nan, 'Ultimate debtor name': nan, 'Transaction reference': 158668214, 'Account servicer reference': '201904081158668214-130926894'}","(..1234) 2019-04-06 10:42 Easypark\Hangovagen 25\0770870000\11541 SWESWE (16.28 SEK + 1.0%, 0.09582309)",2019-04-08,Easypark,"(..1234) 2019-04-06 10:42 Easypark\Hangovagen 25\0770870000\11541 SWESWE (16.28 SEK + 1.0%, 0.09582309)",-1.58,
2019-04-06 14:15:00,2019-04-08 00:00:00,ST1 Helsinki -Vantaa,(..1234) 2019-04-06 14:15 ST1 Helsinki -Vantaa\Ilmailukuja 1\Vantaa\00380 FINFIN,-29.79,,"{'Customer account no': 'EE123456789012345678', 'Document no': nan, 'Date': '2019-04-08', 'Sender/receiver account': nan, 'Sender/receiver name': 'ST1 Helsinki -Vantaa', 'Sender bank code': nan, 'Empty': nan, 'Debit/Credit (D/C)': 'D', 'Amount': -29.79, 'Reference number': nan, 'Archiving code': nan, 'Description': '(..1234) 2019-04-06 14:15 ST1 Helsinki -Vantaa\\Ilmailukuja 1\\Vantaa\\00380 FINFIN', 'Fee': 0.0, 'Currency': 'EUR', 'Personal code or register code': nan, 'Sender/receiver bank BIC': nan, 'Ultimate debtor name': nan, 'Transaction reference': 158668215, 'Account servicer reference': '201904081158668215-130926895'}",(..1234) 2019-04-06 14:15 ST1 Helsinki -Vantaa\Ilmailukuja 1\Vantaa\00380 FINFIN,2019-04-08,ST1 Helsinki -Vantaa,(..1234) 2019-04-06 14:15 ST1 Helsinki -Vantaa\Ilmailukuja 1\Vantaa\00380 FINFIN,-29.79,
2019-08-12 09:20:00,2019-08-14 00:00:00,HSL Mobiili,(..1234) 2019-08-12 09:20 HSL Mobiili\PL 100\00077 HSL\00077 FINFIN,-2.80,,"{'Customer account no': 'EE123456789012345678', 'Document no': nan, 'Date': '2019-08-14', 'Sender/receiver account': nan, 'Sender/receiver name': 'HSL Mobiili', 'Sender bank code': nan, 'Empty': nan, 'Debit/Credit (D/C)': 'D', 'Amount': -2.8, 'Reference number': nan, 'Archiving code': nan, 'Description': '(..1234) 2019-08-12 09:20 HSL Mobiili\\PL 100\\00077 HSL\\00077 FINFIN', 'Fee': 0.0, 'Currency': 'EUR', 'Personal code or register code': nan, 'Sender/receiver bank BIC': nan, 'Ultimate debtor name': nan, 'Transaction reference': 184666518, 'Account servicer reference': '201908141184666518-150303370'}",(..1234) 2019-08-12 09:20 HSL Mobiili\PL 100\00077 HSL\00077 FINFIN,2019-08-14,HSL Mobiili,(..1234) 2019-08-12 09:20 HSL Mobiili\PL 100\00077 HSL\00077 FINFIN,-2.8,
2019-08-12 06:50:00,2019-08-14 00:00:00,HSL Mobiili,(..1234) 2019-08-12 06:50 HSL Mobiili\PL 100\00077 HSL\00077 FINFIN,-2.80,,"{'Customer account no': 'EE123456789012345678', 'Document no': nan, 'Date': '2019-08-14', 'Sender/receiver account': nan, 'Sender/receiver name': 'HSL Mobiili', 'Sender bank code': nan, 'Empty': nan, 'Debit/Credit (D/C)': 'D', 'Amount': -2.8, 'Reference number': nan, 'Archiving code': nan, 'Description': '(..1234) 2019-08-12 06:50 HSL Mobiili\\PL 100\\00077 HSL\\00077 FINFIN', 'Fee': 0.0, 'Currency': 'EUR', 'Personal code or register code': nan, 'Sender/receiver bank BIC': nan, 'Ultimate debtor name': nan, 'Transaction reference': 184673894, 'Account servicer reference': '201908141184673894-150310331'}",(..1234) 2019-08-12 06:50 HSL Mobiili\PL 100\00077 HSL\00077 FINFIN,2019-08-14,HSL Mobiili,(..1234) 2019-08-12 06:50 HSL Mobiili\PL 100\00077 HSL\00077 FINFIN,-2.8,
