Real Date,Bank Date,Payee,Bank Message,Amount,Balance,Currency,Doc Status,Payment Status,Original data,Raw Real Date,Raw Bank Date,Raw Payee,Raw Bank Message,Raw Amount,Raw Balance,Raw Currency,Raw Doc Status,Raw Payment Status
,2020-01-24,Debit card payment,(..0677) 2020-01-23 07:43 GODADDY COM EUROPE\Old Vinyl Factory\020 7979 2661\UB3 1HA GBR,14.13,,EUR,Document missing,Paid,"{'Vendor': 'Debit card payment', 'Category': nan, 'Description': '(..0677) 2020-01-23 07:43 GODADDY COM EUROPE\\Old Vinyl Factory\\020 7979 2661\\UB3 1HA GBR', 'Status': 'Document missing', 'Invoice date': nan, 'Paid date': '2020-01-24', 'Source': 'LHV', 'Amount': '14.13', 'Currency': 'EUR', 'Status.1': 'Paid'}",,2020-01-24,Debit card payment,(..0677) 2020-01-23 07:43 GODADDY COM EUROPE\Old Vinyl Factory\020 7979 2661\UB3 1HA GBR,14.13,,EUR,Document missing,Paid
,2020-01-18,payments@cloudflare.com,,25.00,,USD,Document missing,Paid,"{'Vendor': 'payments@cloudflare.comPurchase', 'Category': 'Purchase', 'Description': nan, 'Status': 'Document missing', 'Invoice date': nan, 'Paid date': '2020-01-18', 'Source': 'PayPal', 'Amount': '25', 'Currency': 'USD', 'Status.1': 'Paid'}",,2020-01-18,payments@cloudflare.comPurchase,,25,,USD,Document missing,Paid
