Raw Ignore,Raw Source Line Numbers,Raw Source Lines Summary,Raw Session,Raw UTC Timestamp,Raw Work Date,Raw Timezone,Raw Time-annotated Source Lines Summary,Raw Hours,Raw Annotation,Raw Year,Raw Year-half,Raw Month,Raw Week,Raw Client,Raw Invoice,Raw Invoice row ordinal,Raw Invoice row item,Raw Invoice row item category,Raw Invoice row item reference,Raw Invoice hours,Ignore,Source Line Numbers,Source Lines Summary,Session,UTC Timestamp,Work Date,Timezone,Time-annotated Source Lines Summary,Hours,Annotation,Year,Year-half,Month,Week,Client,Invoice,Invoice row ordinal,Invoice row item,Invoice row item category,Invoice row item reference,Invoice hours,Original data
,, foo,start 2018-04-14 14:00ca,2018-04-14 15:00,2018-04-14,UTC, 1h0min foo,1,Uncategorized,,,,,,,,,,,,,,foo,start 2018-04-14 14:00ca,2018-04-14 15:00:00,2018-04-14 00:00:00,UTC,1h0min foo,1,Uncategorized,,,,,,,,,,,,"{'gmtTimestamp': '2018-04-14 15:00', 'category': 'Uncategorized', 'date': '2018-04-14', 'dateRaw': '\t2018-04-14 15:00', 'hours': 1, 'hoursRounded': 1, 'lineWithoutDate': ' 1h0min foo', 'text': ' foo', 'ts': 1523718000, 'tz': 'UTC', 'sessionMeta.session_ref': 'start 2018-04-14 14:00ca', 'sessionMeta.tzFirst': 'UTC'}"
