Real Date,Bank Date,Payee,Bank Message,Amount,Balance,Foreign Currency,Foreign Currency Amount,Foreign Currency Rate,Original data,Raw Real Date,Raw Bank Date,Raw Payee,Raw Bank Message,Raw Amount,Raw Balance,Raw Foreign Currency,Raw Foreign Currency Amount,Raw Foreign Currency Rate
,2019-08-01,GOV'T SERV - DEFAULT,PAYPAL *USCUSTOMSBO,-138.23,,USD,-14.00,9.87357142857143,"{'TransactionDate': Timestamp('2019-08-01 00:00:00'), 'Text': 'PAYPAL *USCUSTOMSBO', 'Type': 'Köp', 'Currency Amount': -14, 'Currency Rate': 9.87357142857143, 'Currency': 'USD', 'Amount': -138.23, 'Merchant Area': '4029357733', 'Merchant Category': ""GOV'T SERV - DEFAULT"", 'BookDate': Timestamp('2019-08-02 00:00:00'), 'ValueDate': Timestamp('2019-08-28 00:00:00')}",,2019-08-01,GOV'T SERV - DEFAULT,PAYPAL *USCUSTOMSBO,-138.23,,USD,-14,9.87357142857143
,2019-08-05,"DIGITAL GOODS MEDIA – BOOKS, MOVIES, MUSIC",Spotify P0C23C671C,-99.00,,SEK,-99.00,1.00000000000000,"{'TransactionDate': Timestamp('2019-08-05 00:00:00'), 'Text': 'Spotify P0C23C671C', 'Type': 'Köp', 'Currency Amount': -99, 'Currency Rate': 1.0, 'Currency': 'SEK', 'Amount': -99.0, 'Merchant Area': 'Stockholm', 'Merchant Category': 'DIGITAL GOODS MEDIA – BOOKS, MOVIES, MUSIC', 'BookDate': Timestamp('2019-08-06 00:00:00'), 'ValueDate': Timestamp('2019-08-28 00:00:00')}",,2019-08-05,"DIGITAL GOODS MEDIA – BOOKS, MOVIES, MUSIC",Spotify P0C23C671C,-99.0,,SEK,-99,1.0
,2019-08-11,RECORD STORES,ITUNES.COM/BILL,-29.00,,SEK,-29.00,1.00000000000000,"{'TransactionDate': Timestamp('2019-08-11 00:00:00'), 'Text': 'ITUNES.COM/BILL', 'Type': 'Köp', 'Currency Amount': -29, 'Currency Rate': 1.0, 'Currency': 'SEK', 'Amount': -29.0, 'Merchant Area': '020100529', 'Merchant Category': 'RECORD STORES', 'BookDate': Timestamp('2019-08-12 00:00:00'), 'ValueDate': Timestamp('2019-08-28 00:00:00')}",,2019-08-11,RECORD STORES,ITUNES.COM/BILL,-29.0,,SEK,-29,1.0
