Real Date,Bank Date,Payer,Payee,Bank Message,Amount,Balance,Currency,Original data,Raw Real Date,Raw Bank Date,Raw Payer,Raw Payee,Raw Bank Message,Raw Amount,Raw Balance,Raw Currency
,2020-05-07,NAID-FI-EUR-FI3814703500919488,,PAYBYWAY OY,-72.00,,EUR,"{'Booking date': '07.05.2020', 'Amount': -72.0, 'Sender': 'NAID-FI-EUR-FI3814703500919488', 'Recipient': nan, 'Name': nan, 'Title': 'PAYBYWAY OY', 'Balance': nan, 'Currency': 'EUR'}",,07.05.2020,NAID-FI-EUR-FI3814703500919488,,PAYBYWAY OY,-72.0,,EUR
,2019-12-30,NAID-FI-EUR-FI3814703500919488,,S MARKET FOO,-4.16,,EUR,"{'Booking date': '30.12.2019', 'Amount': -4.16, 'Sender': 'NAID-FI-EUR-FI3814703500919488', 'Recipient': nan, 'Name': nan, 'Title': 'S MARKET FOO', 'Balance': nan, 'Currency': 'EUR'}",,30.12.2019,NAID-FI-EUR-FI3814703500919488,,S MARKET FOO,-4.16,,EUR
