Real Date,Bank Date,Payer,Payee,Bank Message,Amount,Balance,Currency,Original data,Raw Real Date,Raw Bank Date,Raw Payer,Raw Payee,Raw Bank Message,Raw Amount,Raw Balance,Raw Currency
,2020-05-07,NAID-FI-EUR-FI3814703500919488,,PAYBYWAY OY,-72.00,,EUR,"{'Bokföringsdag': '07.05.2020', 'Belopp': -72.0, 'Avsändare': 'NAID-FI-EUR-FI3814703500919488', 'Mottagare': nan, 'Namn': nan, 'Rubrik': 'PAYBYWAY OY', 'Saldo': nan, 'Valuta': 'EUR'}",,07.05.2020,NAID-FI-EUR-FI3814703500919488,,PAYBYWAY OY,-72.0,,EUR
,2019-12-30,NAID-FI-EUR-FI3814703500919488,,S MARKET FOO,-4.16,,EUR,"{'Bokföringsdag': '30.12.2019', 'Belopp': -4.16, 'Avsändare': 'NAID-FI-EUR-FI3814703500919488', 'Mottagare': nan, 'Namn': nan, 'Rubrik': 'S MARKET FOO', 'Saldo': nan, 'Valuta': 'EUR'}",,30.12.2019,NAID-FI-EUR-FI3814703500919488,,S MARKET FOO,-4.16,,EUR
