Real Date,Bank Date,Payee,Bank Message,Amount,Balance,Original data,Raw Real Date,Raw Bank Date,Raw Payee,Raw Bank Message,Raw Amount,Raw Balance
,2019-08-21,,CAFFE NERO K25,-115.00,4558.07,"{'Bokföringsdag': '2019-08-21', 'Specifikation': 'CAFFE NERO K25', 'Belopp': -115.0, 'Saldo': 4558.07, 'Status': 'Utförd', 'Avstämt': 'Nej'}",,2019-08-21,,CAFFE NERO K25,-115.0,4558.07
,2019-08-20,,Swish till Herr Nilsson,-2500.00,5141.43,"{'Bokföringsdag': '2019-08-20', 'Specifikation': 'Swish till Herr Nilsson', 'Belopp': -2500.0, 'Saldo': 5141.43, 'Status': 'Utförd', 'Avstämt': 'Nej'}",,2019-08-20,,Swish till Herr Nilsson,-2500.0,5141.43
,2019-08-20,,Swish från Tant Grön,780.00,7641.43,"{'Bokföringsdag': '2019-08-20', 'Specifikation': 'Swish från Tant Grön', 'Belopp': 780.0, 'Saldo': 7641.43, 'Status': 'Utförd', 'Avstämt': 'Nej'}",,2019-08-20,,Swish från Tant Grön,780.0,7641.43
,2019-08-20,,Swish från Farbror Blå,200.00,6861.43,"{'Bokföringsdag': '2019-08-20', 'Specifikation': 'Swish från Farbror Blå', 'Belopp': 200.0, 'Saldo': 6861.43, 'Status': 'Utförd', 'Avstämt': 'Nej'}",,2019-08-20,,Swish från Farbror Blå,200.0,6861.43
,2019-08-20,,7-ELEVEN 12345,-104.00,6661.43,"{'Bokföringsdag': '2019-08-20', 'Specifikation': '7-ELEVEN 12345', 'Belopp': -104.0, 'Saldo': 6661.43, 'Status': 'Utförd', 'Avstämt': 'Nej'}",,2019-08-20,,7-ELEVEN 12345,-104.0,6661.43
,2019-08-20,,Taxi Kurir I Stockho,-120.00,9065.43,"{'Bokföringsdag': '2019-08-20', 'Specifikation': 'Taxi Kurir I Stockho', 'Belopp': -120.0, 'Saldo': 9065.43, 'Status': 'Utförd', 'Avstämt': 'Nej'}",,2019-08-20,,Taxi Kurir I Stockho,-120.0,9065.43
