Parse status,Tracked Hours,Calendar Time in Hours,Sessions,Processed lines,Last modified,Oldest timestamp,Most recent timestamp,Timelog comment
1 Errors,2.6166666666666663,55.83,1,20,TODO,2010-04-03 10:37:00,2010-04-05 18:27:00,start 2010-04-03 07:37
