Raw Ignore,Raw Source Line Numbers,Raw Source Lines Summary,Raw Session,Raw UTC Timestamp,Raw Work Date,Raw Timezone,Raw Time-annotated Source Lines Summary,Raw Hours,Raw Annotation,Raw Year,Raw Year-half,Raw Month,Raw Week,Raw Client,Raw Invoice,Raw Invoice row ordinal,Raw Invoice row item,Raw Invoice row item category,Raw Invoice row item reference,Raw Invoice hours,Ignore,Source Line Numbers,Source Lines Summary,Session,UTC Timestamp,Work Date,Timezone,Time-annotated Source Lines Summary,Hours,Annotation,Year,Year-half,Month,Week,Client,Invoice,Invoice row ordinal,Invoice row item,Invoice row item category,Invoice row item reference,Invoice hours,Original data
,," 8min, ok, everything in order to start coding..",start 2010-04-03 07:37,2010-04-03 07:45,2010-04-03,UTC," 8min 8min, ok, everything in order to start coding..",0.13333333333333333,Uncategorized,,,,,,,,,,,,,,"8min, ok, everything in order to start coding..",start 2010-04-03 07:37,2010-04-03 07:45:00,2010-04-03 00:00:00,UTC,"8min 8min, ok, everything in order to start coding..",0.13333333333333333,Uncategorized,,,,,,,,,,,,"{'gmtTimestamp': '2010-04-03 07:45', 'category': 'Uncategorized', 'date': '2010-04-03', 'dateRaw': '\t2010-04-03 07:45', 'hours': 0.13333333333333333, 'hoursRounded': 0.13, 'lineWithoutDate': ' 8min 8min, ok, everything in order to start coding..', 'text': ' 8min, ok, everything in order to start coding..', 'ts': 1270280700, 'tz': 'UTC', 'sessionMeta.session_ref': 'start 2010-04-03 07:37', 'sessionMeta.tzFirst': 'UTC'}"
,, not getting anywhere because of some bug in rendering,start 2010-04-03 07:37,2010-04-03 07:55,2010-04-03,UTC, 10min not getting anywhere because of some bug in rendering,0.16666666666666666,Uncategorized,,,,,,,,,,,,,,not getting anywhere because of some bug in rendering,start 2010-04-03 07:37,2010-04-03 07:55:00,2010-04-03 00:00:00,UTC,10min not getting anywhere because of some bug in rendering,0.16666666666666666,Uncategorized,,,,,,,,,,,,"{'gmtTimestamp': '2010-04-03 07:55', 'category': 'Uncategorized', 'date': '2010-04-03', 'dateRaw': '\t2010-04-03 07:55', 'hours': 0.16666666666666666, 'hoursRounded': 0.17, 'lineWithoutDate': ' 10min not getting anywhere because of some bug in rendering', 'text': ' not getting anywhere because of some bug in rendering', 'ts': 1270281300, 'tz': 'UTC', 'sessionMeta.session_ref': 'start 2010-04-03 07:37', 'sessionMeta.tzFirst': 'UTC'}"
,, hmm i really need to dig deeper into foo to understand this bug.,start 2010-04-03 07:37,2010-04-03 08:03,2010-04-03,UTC, 5min hmm i really need to dig deeper into foo to understand this bug.,0.08333333333333333,Uncategorized,,,,,,,,,,,,,,hmm i really need to dig deeper into foo to understand this bug.,start 2010-04-03 07:37,2010-04-03 08:03:00,2010-04-03 00:00:00,UTC,5min hmm i really need to dig deeper into foo to understand this bug.,0.08333333333333333,Uncategorized,,,,,,,,,,,,"{'gmtTimestamp': '2010-04-03 08:03', 'category': 'Uncategorized', 'date': '2010-04-03', 'dateRaw': '\t2010-04-03 08:03', 'hours': 0.08333333333333333, 'hoursRounded': 0.08, 'lineWithoutDate': ' 5min hmm i really need to dig deeper into foo to understand this bug.', 'text': ' hmm i really need to dig deeper into foo to understand this bug.', 'ts': 1270281780, 'tz': 'UTC', 'sessionMeta.session_ref': 'start 2010-04-03 07:37', 'sessionMeta.tzFirst': 'UTC'}"
,," a, just a typo. fixed..",start 2010-04-03 07:37,2010-04-03 08:16,2010-04-03,UTC," 10min a, just a typo. fixed..",0.16666666666666666,Uncategorized,,,,,,,,,,,,,,"a, just a typo. fixed..",start 2010-04-03 07:37,2010-04-03 08:16:00,2010-04-03 00:00:00,UTC,"10min a, just a typo. fixed..",0.16666666666666666,Uncategorized,,,,,,,,,,,,"{'gmtTimestamp': '2010-04-03 08:16', 'category': 'Uncategorized', 'date': '2010-04-03', 'dateRaw': '\t2010-04-03 08:16', 'hours': 0.16666666666666666, 'hoursRounded': 0.17, 'lineWithoutDate': ' 10min a, just a typo. fixed..', 'text': ' a, just a typo. fixed..', 'ts': 1270282560, 'tz': 'UTC', 'sessionMeta.session_ref': 'start 2010-04-03 07:37', 'sessionMeta.tzFirst': 'UTC'}"
,, <just before pause>,start 2010-04-03 07:37,2010-04-03 08:20,2010-04-03,UTC, 4min <just before pause>,0.06666666666666667,Uncategorized,,,,,,,,,,,,,,<just before pause>,start 2010-04-03 07:37,2010-04-03 08:20:00,2010-04-03 00:00:00,UTC,4min <just before pause>,0.06666666666666667,Uncategorized,,,,,,,,,,,,"{'gmtTimestamp': '2010-04-03 08:20', 'category': 'Uncategorized', 'date': '2010-04-03', 'dateRaw': '\t2010-04-03 08:20', 'hours': 0.06666666666666667, 'hoursRounded': 0.07, 'lineWithoutDate': ' 4min <just before pause>', 'text': ' <just before pause>', 'ts': 1270282800, 'tz': 'UTC', 'sessionMeta.session_ref': 'start 2010-04-03 07:37', 'sessionMeta.tzFirst': 'UTC'}"
,, done with t-class. hmm whats next? ah b-class ok,start 2010-04-03 07:37,2010-04-03 08:31,2010-04-03,UTC, 6min done with t-class. hmm whats next? ah b-class ok,0.1,Uncategorized,,,,,,,,,,,,,,done with t-class. hmm whats next? ah b-class ok,start 2010-04-03 07:37,2010-04-03 08:31:00,2010-04-03 00:00:00,UTC,6min done with t-class. hmm whats next? ah b-class ok,0.1,Uncategorized,,,,,,,,,,,,"{'gmtTimestamp': '2010-04-03 08:31', 'category': 'Uncategorized', 'date': '2010-04-03', 'dateRaw': '\t2010-04-03 08:31', 'hours': 0.1, 'hoursRounded': 0.1, 'lineWithoutDate': ' 6min done with t-class. hmm whats next? ah b-class ok', 'text': ' done with t-class. hmm whats next? ah b-class ok', 'ts': 1270283460, 'tz': 'UTC', 'sessionMeta.session_ref': 'start 2010-04-03 07:37', 'sessionMeta.tzFirst': 'UTC'}"
,, ok on-track again.,start 2010-04-03 07:37,2010-04-03 08:46,2010-04-03,UTC, 11min ok on-track again.,0.18333333333333332,Uncategorized,,,,,,,,,,,,,,ok on-track again.,start 2010-04-03 07:37,2010-04-03 08:46:00,2010-04-03 00:00:00,UTC,11min ok on-track again.,0.18333333333333332,Uncategorized,,,,,,,,,,,,"{'gmtTimestamp': '2010-04-03 08:46', 'category': 'Uncategorized', 'date': '2010-04-03', 'dateRaw': '\t2010-04-03 08:46', 'hours': 0.18333333333333332, 'hoursRounded': 0.18, 'lineWithoutDate': ' 11min ok on-track again.', 'text': ' ok on-track again.', 'ts': 1270284360, 'tz': 'UTC', 'sessionMeta.session_ref': 'start 2010-04-03 07:37', 'sessionMeta.tzFirst': 'UTC'}"
,," b-class pseudo-coded, will continue tomorrow",start 2010-04-03 07:37,2010-04-03 09:25,2010-04-03,UTC," 39min b-class pseudo-coded, will continue tomorrow",0.65,Uncategorized,,,,,,,,,,,,,,"b-class pseudo-coded, will continue tomorrow",start 2010-04-03 07:37,2010-04-03 09:25:00,2010-04-03 00:00:00,UTC,"39min b-class pseudo-coded, will continue tomorrow",0.65,Uncategorized,,,,,,,,,,,,"{'gmtTimestamp': '2010-04-03 09:25', 'category': 'Uncategorized', 'date': '2010-04-03', 'dateRaw': '\t2010-04-03 09:25', 'hours': 0.65, 'hoursRounded': 0.65, 'lineWithoutDate': ' 39min b-class pseudo-coded, will continue tomorrow', 'text': ' b-class pseudo-coded, will continue tomorrow', 'ts': 1270286700, 'tz': 'UTC', 'sessionMeta.session_ref': 'start 2010-04-03 07:37', 'sessionMeta.tzFirst': 'UTC'}"
