Line number,Date entry,Log entry,Error log
28,2010-04-05 14:20,"2010-04-05 14:20, this timestamp is definitely wrong","['negative duration since last', 'Timestamp found: 2010-04-05 14:20:00 vs last found (based on duration since last which is -1200): 2010-04-05 14:40:00', '$previousRowWithTimeMarker line: pause->2010-04-05 14:40ca', 'sent to notParsed in processTheFirstRowOfALogComment']"
