Raw Ignore,Raw Source Line Numbers,Raw Source Lines Summary,Raw Session,Raw UTC Timestamp,Raw Work Date,Raw Timezone,Raw Time-annotated Source Lines Summary,Raw Hours,Raw Annotation,Raw Year,Raw Year-half,Raw Month,Raw Week,Raw Client,Raw Invoice,Raw Invoice row ordinal,Raw Invoice row item,Raw Invoice row item category,Raw Invoice row item reference,Raw Invoice hours,Ignore,Source Line Numbers,Source Lines Summary,Session,UTC Timestamp,Work Date,Timezone,Time-annotated Source Lines Summary,Hours,Annotation,Year,Year-half,Month,Week,Client,Invoice,Invoice row ordinal,Invoice row item,Invoice row item category,Invoice row item reference,Invoice hours,Original data
,," 16:58, <just before paus>","start 2018-01-23, 12:10ca",2018-01-23 14:58,2018-01-23,Europe/Helsinki," 4h48min 16:58, <just before paus>",4.8,Uncategorized,,,,,,,,,,,,,,"16:58, <just before paus>","start 2018-01-23, 12:10ca",2018-01-23 14:58:00,2018-01-23 00:00:00,Europe/Helsinki,"4h48min 16:58, <just before paus>",4.8,Uncategorized,,,,,,,,,,,,"{'gmtTimestamp': '2018-01-23 14:58', 'category': 'Uncategorized', 'date': '2018-01-23', 'dateRaw': '\t2018-01-23 14:58', 'hours': 4.8, 'hoursRounded': 4.8, 'lineWithoutDate': ' 4h48min 16:58, <just before paus>', 'text': ' 16:58, <just before paus>', 'ts': 1516719480, 'tz': 'Europe/Helsinki', 'sessionMeta.session_ref': 'start 2018-01-23, 12:10ca', 'sessionMeta.tzFirst': 'Europe/Helsinki'}"
,," 19:36, <just before paus>","start 2018-01-23, 12:10ca",2018-01-23 17:36,2018-01-23,Europe/Helsinki," 59min 19:36, <just before paus>",0.9833333333333333,Uncategorized,,,,,,,,,,,,,,"19:36, <just before paus>","start 2018-01-23, 12:10ca",2018-01-23 17:36:00,2018-01-23 00:00:00,Europe/Helsinki,"59min 19:36, <just before paus>",0.9833333333333333,Uncategorized,,,,,,,,,,,,"{'gmtTimestamp': '2018-01-23 17:36', 'category': 'Uncategorized', 'date': '2018-01-23', 'dateRaw': '\t2018-01-23 17:36', 'hours': 0.9833333333333333, 'hoursRounded': 0.98, 'lineWithoutDate': ' 59min 19:36, <just before paus>', 'text': ' 19:36, <just before paus>', 'ts': 1516728960, 'tz': 'Europe/Helsinki', 'sessionMeta.session_ref': 'start 2018-01-23, 12:10ca', 'sessionMeta.tzFirst': 'Europe/Helsinki'}"
,," 19:52, foo","start 2018-01-23, 12:10ca",2018-01-23 17:52,2018-01-23,Europe/Helsinki," 7min 19:52, foo",0.11666666666666667,Uncategorized,,,,,,,,,,,,,,"19:52, foo","start 2018-01-23, 12:10ca",2018-01-23 17:52:00,2018-01-23 00:00:00,Europe/Helsinki,"7min 19:52, foo",0.11666666666666667,Uncategorized,,,,,,,,,,,,"{'gmtTimestamp': '2018-01-23 17:52', 'category': 'Uncategorized', 'date': '2018-01-23', 'dateRaw': '\t2018-01-23 17:52', 'hours': 0.11666666666666667, 'hoursRounded': 0.12, 'lineWithoutDate': ' 7min 19:52, foo', 'text': ' 19:52, foo', 'ts': 1516729920, 'tz': 'Europe/Helsinki', 'sessionMeta.session_ref': 'start 2018-01-23, 12:10ca', 'sessionMeta.tzFirst': 'Europe/Helsinki'}"
,," 19:55, <just before paus>","start 2018-01-23, 12:10ca",2018-01-23 17:55,2018-01-23,Europe/Helsinki," 2min 19:55, <just before paus>",0.03333333333333333,Uncategorized,,,,,,,,,,,,,,"19:55, <just before paus>","start 2018-01-23, 12:10ca",2018-01-23 17:55:00,2018-01-23 00:00:00,Europe/Helsinki,"2min 19:55, <just before paus>",0.03333333333333333,Uncategorized,,,,,,,,,,,,"{'gmtTimestamp': '2018-01-23 17:55', 'category': 'Uncategorized', 'date': '2018-01-23', 'dateRaw': '\t2018-01-23 17:55', 'hours': 0.03333333333333333, 'hoursRounded': 0.03, 'lineWithoutDate': ' 2min 19:55, <just before paus>', 'text': ' 19:55, <just before paus>', 'ts': 1516730100, 'tz': 'Europe/Helsinki', 'sessionMeta.session_ref': 'start 2018-01-23, 12:10ca', 'sessionMeta.tzFirst': 'Europe/Helsinki'}"
,," 20:38, commit: | foo","start 2018-01-23, 12:10ca",2018-01-23 18:38,2018-01-23,Europe/Helsinki," 38min 20:38, commit: | foo",0.6333333333333333,Uncategorized,,,,,,,,,,,,,,"20:38, commit: | foo","start 2018-01-23, 12:10ca",2018-01-23 18:38:00,2018-01-23 00:00:00,Europe/Helsinki,"38min 20:38, commit: | foo",0.6333333333333333,Uncategorized,,,,,,,,,,,,"{'gmtTimestamp': '2018-01-23 18:38', 'category': 'Uncategorized', 'date': '2018-01-23', 'dateRaw': '\t2018-01-23 18:38', 'hours': 0.6333333333333333, 'hoursRounded': 0.63, 'lineWithoutDate': ' 38min 20:38, commit: | foo', 'text': ' 20:38, commit: | foo', 'ts': 1516732680, 'tz': 'Europe/Helsinki', 'sessionMeta.session_ref': 'start 2018-01-23, 12:10ca', 'sessionMeta.tzFirst': 'Europe/Helsinki'}"
,," 22:49, foo","start 2018-01-26, 22:36",2018-01-26 20:49,2018-01-26,Europe/Helsinki," 11min 22:49, foo",0.18333333333333332,Uncategorized,,,,,,,,,,,,,,"22:49, foo","start 2018-01-26, 22:36",2018-01-26 20:49:00,2018-01-26 00:00:00,Europe/Helsinki,"11min 22:49, foo",0.18333333333333332,Uncategorized,,,,,,,,,,,,"{'gmtTimestamp': '2018-01-26 20:49', 'category': 'Uncategorized', 'date': '2018-01-26', 'dateRaw': '\t2018-01-26 20:49', 'hours': 0.18333333333333332, 'hoursRounded': 0.18, 'lineWithoutDate': ' 11min 22:49, foo', 'text': ' 22:49, foo', 'ts': 1516999740, 'tz': 'Europe/Helsinki', 'sessionMeta.session_ref': 'start 2018-01-26, 22:36', 'sessionMeta.tzFirst': 'Europe/Helsinki'}"
,," 01:20, foo","start 2018-01-27, 01:18ca",2018-01-26 23:20,2018-01-26,Europe/Helsinki," 2min 01:20, foo",0.03333333333333333,Uncategorized,,,,,,,,,,,,,,"01:20, foo","start 2018-01-27, 01:18ca",2018-01-26 23:20:00,2018-01-26 00:00:00,Europe/Helsinki,"2min 01:20, foo",0.03333333333333333,Uncategorized,,,,,,,,,,,,"{'gmtTimestamp': '2018-01-26 23:20', 'category': 'Uncategorized', 'date': '2018-01-26', 'dateRaw': '\t2018-01-26 23:20', 'hours': 0.03333333333333333, 'hoursRounded': 0.03, 'lineWithoutDate': ' 2min 01:20, foo', 'text': ' 01:20, foo', 'ts': 1517008800, 'tz': 'Europe/Helsinki', 'sessionMeta.session_ref': 'start 2018-01-27, 01:18ca', 'sessionMeta.tzFirst': 'Europe/Helsinki'}"
