Real Date,Bank Date,Payee,Bank Message,Amount,Balance,Currency,Doc Status,Payment Status,Original data,Raw Real Date,Raw Bank Date,Raw Payee,Raw Bank Message,Raw Amount,Raw Balance,Raw Currency,Raw Doc Status,Raw Payment Status
,2019-09-18,payments@cloudflare.com,,25.00,,USD,Document missing,Paid,"{'Vendor': 'payments@cloudflare.comPurchase', 'Category': 'Purchase', 'Description': nan, 'Status': 'Document missing', 'Invoice date': nan, 'Paid date': '2019-09-18', 'Source': 'PayPal', 'Amount': '25', 'Currency': 'USD', 'Status.1': 'Paid'}",,2019-09-18,payments@cloudflare.comPurchase,,25,,USD,Document missing,Paid
,2019-09-18,accounts@iubenda.com,Invoice 38561,9.00,,USD,Document missing,Paid,"{'Vendor': 'accounts@iubenda.comPurchase', 'Category': 'Purchase', 'Description': 'Invoice 38561', 'Status': 'Document missing', 'Invoice date': nan, 'Paid date': '2019-09-18', 'Source': 'PayPal', 'Amount': '9', 'Currency': 'USD', 'Status.1': 'Paid'}",,2019-09-18,accounts@iubenda.comPurchase,Invoice 38561,9,,USD,Document missing,Paid
,2019-09-16,Debit card payment,"(..0677) 2019-09-15 10:14 CODESANDBOX PATRON\Calslaan 5B\ENSCHEDE\7522MH NH NLD (10.00 USD + 1.0%, 0.90400)",9.13,,EUR,Document missing,Paid,"{'Vendor': 'Debit card paymentPurchase', 'Category': 'Purchase', 'Description': '(..0677) 2019-09-15 10:14 CODESANDBOX PATRON\\Calslaan 5B\\ENSCHEDE\\7522MH NH NLD (10.00 USD + 1.0%, 0.90400)', 'Status': 'Document missing', 'Invoice date': nan, 'Paid date': '2019-09-16', 'Source': 'LHV', 'Amount': '9.13', 'Currency': 'EUR', 'Status.1': 'Paid'}",,2019-09-16,Debit card paymentPurchase,"(..0677) 2019-09-15 10:14 CODESANDBOX PATRON\Calslaan 5B\ENSCHEDE\7522MH NH NLD (10.00 USD + 1.0%, 0.90400)",9.13,,EUR,Document missing,Paid
,2019-09-10,Fee,Card (..0677) monthly fee,2.00,,EUR,Matched,Paid,"{'Vendor': 'FeeBank fee', 'Category': 'Bank fee', 'Description': 'Card (..0677) monthly fee', 'Status': 'Matched', 'Invoice date': nan, 'Paid date': '2019-09-10', 'Source': 'LHV', 'Amount': '2', 'Currency': 'EUR', 'Status.1': 'Paid'}",,2019-09-10,FeeBank fee,Card (..0677) monthly fee,2,,EUR,Matched,Paid
,2019-09-10,Unknown,Non-resident's monthly fee (2019-08-01 - 2019-08-31),10.00,,EUR,Matched,Paid,"{'Vendor': 'UnknownBank fee', 'Category': 'Bank fee', 'Description': ""Non-resident's monthly fee (2019-08-01 - 2019-08-31)"", 'Status': 'Matched', 'Invoice date': nan, 'Paid date': '2019-09-10', 'Source': 'LHV', 'Amount': '10', 'Currency': 'EUR', 'Status.1': 'Paid'}",,2019-09-10,UnknownBank fee,Non-resident's monthly fee (2019-08-01 - 2019-08-31),10,,EUR,Matched,Paid
,2019-09-04,Debit card payment,"(..0677) 2019-09-03 02:13 DNH*GODADDY.COM EUROP\14455 N. Hayden Rd\480-5058855\85260 AZ USA (20.34 USD + 1.0%, 0.9149459)",18.80,,EUR,Document missing,Paid,"{'Vendor': 'Debit card paymentPurchase', 'Category': 'Purchase', 'Description': '(..0677) 2019-09-03 02:13 DNH*GODADDY.COM EUROP\\14455 N. Hayden Rd\\480-5058855\\85260 AZ USA (20.34 USD + 1.0%, 0.9149459)', 'Status': 'Document missing', 'Invoice date': nan, 'Paid date': '2019-09-04', 'Source': 'LHV', 'Amount': '18.8', 'Currency': 'EUR', 'Status.1': 'Paid'}",,2019-09-04,Debit card paymentPurchase,"(..0677) 2019-09-03 02:13 DNH*GODADDY.COM EUROP\14455 N. Hayden Rd\480-5058855\85260 AZ USA (20.34 USD + 1.0%, 0.9149459)",18.8,,EUR,Document missing,Paid
,2019-09-02,Debit card payment,(..0677) 2019-09-01 00:00 GOOGLE*GSUITE CLERK.AI\GORDON HOUSE\CC GOOGLE.COM\ IRLIRL,10.40,,EUR,Document missing,Paid,"{'Vendor': 'Debit card paymentPurchase', 'Category': 'Purchase', 'Description': '(..0677) 2019-09-01 00:00 GOOGLE*GSUITE CLERK.AI\\GORDON HOUSE\\CC GOOGLE.COM\\ IRLIRL', 'Status': 'Document missing', 'Invoice date': nan, 'Paid date': '2019-09-02', 'Source': 'LHV', 'Amount': '10.4', 'Currency': 'EUR', 'Status.1': 'Paid'}",,2019-09-02,Debit card paymentPurchase,(..0677) 2019-09-01 00:00 GOOGLE*GSUITE CLERK.AI\GORDON HOUSE\CC GOOGLE.COM\ IRLIRL,10.4,,EUR,Document missing,Paid
2019-09-01,,Xolo OÜ,Invoice: INV1234567,94.80,,EUR,Processing,Unpaid,"{'Vendor': 'Xolo OÜPurchase', 'Category': 'Purchase', 'Description': 'Invoice: INV1234567', 'Status': 'Processing', 'Invoice date': '2019-09-01', 'Paid date': nan, 'Source': 'Invoice', 'Amount': '94.8', 'Currency': 'EUR', 'Status.1': 'Unpaid'}",2019-09-01,,Xolo OÜPurchase,Invoice: INV1234567,94.8,,EUR,Processing,Unpaid
,2019-08-31,paypal1@monotypeimaging.com,Invoice FDC12758504,14.99,,EUR,Document missing,Paid,"{'Vendor': 'paypal1@monotypeimaging.comPurchase', 'Category': 'Purchase', 'Description': 'Invoice FDC12758504', 'Status': 'Document missing', 'Invoice date': nan, 'Paid date': '2019-08-31', 'Source': 'PayPal', 'Amount': '14.99', 'Currency': 'EUR', 'Status.1': 'Paid'}",,2019-08-31,paypal1@monotypeimaging.comPurchase,Invoice FDC12758504,14.99,,EUR,Document missing,Paid
